// Jest Snapshot v1, https://goo.gl/fbAQLP

exports[`should match snapshot 1`] = `
ShallowWrapper {
  "length": 1,
  Symbol(enzyme.__root__): [Circular],
  Symbol(enzyme.__unrendered__): <CookieBar
    actions={
        Object {
            "acceptCookies": [Function],
          }
    }
    cookiebar={
        Object {
            "accept": false,
          }
    }
/>,
  Symbol(enzyme.__renderer__): Object {
    "batchedUpdates": [Function],
    "getNode": [Function],
    "render": [Function],
    "simulateEvent": [Function],
    "unmount": [Function],
  },
  Symbol(enzyme.__node__): Object {
    "instance": null,
    "key": undefined,
    "nodeType": "host",
    "props": Object {
      "children": <div>
        <span>
                This website might use cookies. Please let us know you agree to this:
        </span>
        <button
                onClick={[Function]}
        >
                Accept Cookies
        </button>
</div>,
      "className": "cookie-bar",
    },
    "ref": null,
    "rendered": Object {
      "instance": null,
      "key": undefined,
      "nodeType": "host",
      "props": Object {
        "children": Array [
          <span>
            This website might use cookies. Please let us know you agree to this:
</span>,
          <button
            onClick={[Function]}
>
            Accept Cookies
</button>,
        ],
      },
      "ref": null,
      "rendered": Array [
        Object {
          "instance": null,
          "key": undefined,
          "nodeType": "host",
          "props": Object {
            "children": "This website might use cookies. Please let us know you agree to this:",
          },
          "ref": null,
          "rendered": "This website might use cookies. Please let us know you agree to this:",
          "type": "span",
        },
        Object {
          "instance": null,
          "key": undefined,
          "nodeType": "host",
          "props": Object {
            "children": "Accept Cookies",
            "onClick": [Function],
          },
          "ref": null,
          "rendered": "Accept Cookies",
          "type": "button",
        },
      ],
      "type": "div",
    },
    "type": "div",
  },
  Symbol(enzyme.__nodes__): Array [
    Object {
      "instance": null,
      "key": undefined,
      "nodeType": "host",
      "props": Object {
        "children": <div>
          <span>
                    This website might use cookies. Please let us know you agree to this:
          </span>
          <button
                    onClick={[Function]}
          >
                    Accept Cookies
          </button>
</div>,
        "className": "cookie-bar",
      },
      "ref": null,
      "rendered": Object {
        "instance": null,
        "key": undefined,
        "nodeType": "host",
        "props": Object {
          "children": Array [
            <span>
              This website might use cookies. Please let us know you agree to this:
</span>,
            <button
              onClick={[Function]}
>
              Accept Cookies
</button>,
          ],
        },
        "ref": null,
        "rendered": Array [
          Object {
            "instance": null,
            "key": undefined,
            "nodeType": "host",
            "props": Object {
              "children": "This website might use cookies. Please let us know you agree to this:",
            },
            "ref": null,
            "rendered": "This website might use cookies. Please let us know you agree to this:",
            "type": "span",
          },
          Object {
            "instance": null,
            "key": undefined,
            "nodeType": "host",
            "props": Object {
              "children": "Accept Cookies",
              "onClick": [Function],
            },
            "ref": null,
            "rendered": "Accept Cookies",
            "type": "button",
          },
        ],
        "type": "div",
      },
      "type": "div",
    },
  ],
  Symbol(enzyme.__options__): Object {
    "adapter": ReactSixteenAdapter {
      "options": Object {
        "enableComponentDidUpdateOnSetState": true,
      },
    },
  },
}
`;
