// Jest Snapshot v1, https://goo.gl/fbAQLP

exports[`should match snapshot 1`] = `
ShallowWrapper {
  "length": 1,
  Symbol(enzyme.__root__): [Circular],
  Symbol(enzyme.__unrendered__): <Header />,
  Symbol(enzyme.__renderer__): Object {
    "batchedUpdates": [Function],
    "getNode": [Function],
    "render": [Function],
    "simulateEvent": [Function],
    "unmount": [Function],
  },
  Symbol(enzyme.__node__): Object {
    "instance": null,
    "key": undefined,
    "nodeType": "host",
    "props": Object {
      "children": Array [
        <div
          className="top"
>
          <div
                    className="container"
          >
                    <Link
                              replace={false}
                              to="/"
                    >
                              <img
                                        alt="Progressive Tech"
                                        className="logo-img"
                                        src="pt-logo.png"
                              />
                    </Link>
          </div>
</div>,
        <div
          className="menu"
>
          <div
                    className="container"
          >
                    <Navigation />
          </div>
</div>,
        <div
          className="breadcrumbs"
>
          <div
                    className="container"
          >
                    <Link
                              replace={false}
                              to="/"
                    >
                              / Home /
                    </Link>
          </div>
</div>,
      ],
    },
    "ref": null,
    "rendered": Array [
      Object {
        "instance": null,
        "key": undefined,
        "nodeType": "host",
        "props": Object {
          "children": <div
            className="container"
>
            <Link
                        replace={false}
                        to="/"
            >
                        <img
                                    alt="Progressive Tech"
                                    className="logo-img"
                                    src="pt-logo.png"
                        />
            </Link>
</div>,
          "className": "top",
        },
        "ref": null,
        "rendered": Object {
          "instance": null,
          "key": undefined,
          "nodeType": "host",
          "props": Object {
            "children": <Link
              replace={false}
              to="/"
>
              <img
                            alt="Progressive Tech"
                            className="logo-img"
                            src="pt-logo.png"
              />
</Link>,
            "className": "container",
          },
          "ref": null,
          "rendered": Object {
            "instance": null,
            "key": undefined,
            "nodeType": "class",
            "props": Object {
              "children": <img
                alt="Progressive Tech"
                className="logo-img"
                src="pt-logo.png"
/>,
              "replace": false,
              "to": "/",
            },
            "ref": null,
            "rendered": Object {
              "instance": null,
              "key": undefined,
              "nodeType": "host",
              "props": Object {
                "alt": "Progressive Tech",
                "className": "logo-img",
                "src": "pt-logo.png",
              },
              "ref": null,
              "rendered": null,
              "type": "img",
            },
            "type": [Function],
          },
          "type": "div",
        },
        "type": "div",
      },
      Object {
        "instance": null,
        "key": undefined,
        "nodeType": "host",
        "props": Object {
          "children": <div
            className="container"
>
            <Navigation />
</div>,
          "className": "menu",
        },
        "ref": null,
        "rendered": Object {
          "instance": null,
          "key": undefined,
          "nodeType": "host",
          "props": Object {
            "children": <Navigation />,
            "className": "container",
          },
          "ref": null,
          "rendered": Object {
            "instance": null,
            "key": undefined,
            "nodeType": "class",
            "props": Object {},
            "ref": null,
            "rendered": null,
            "type": [Function],
          },
          "type": "div",
        },
        "type": "div",
      },
      Object {
        "instance": null,
        "key": undefined,
        "nodeType": "host",
        "props": Object {
          "children": <div
            className="container"
>
            <Link
                        replace={false}
                        to="/"
            >
                        / Home /
            </Link>
</div>,
          "className": "breadcrumbs",
        },
        "ref": null,
        "rendered": Object {
          "instance": null,
          "key": undefined,
          "nodeType": "host",
          "props": Object {
            "children": <Link
              replace={false}
              to="/"
>
              / Home /
</Link>,
            "className": "container",
          },
          "ref": null,
          "rendered": Object {
            "instance": null,
            "key": undefined,
            "nodeType": "class",
            "props": Object {
              "children": "/ Home /",
              "replace": false,
              "to": "/",
            },
            "ref": null,
            "rendered": "/ Home /",
            "type": [Function],
          },
          "type": "div",
        },
        "type": "div",
      },
    ],
    "type": "header",
  },
  Symbol(enzyme.__nodes__): Array [
    Object {
      "instance": null,
      "key": undefined,
      "nodeType": "host",
      "props": Object {
        "children": Array [
          <div
            className="top"
>
            <div
                        className="container"
            >
                        <Link
                                    replace={false}
                                    to="/"
                        >
                                    <img
                                                alt="Progressive Tech"
                                                className="logo-img"
                                                src="pt-logo.png"
                                    />
                        </Link>
            </div>
</div>,
          <div
            className="menu"
>
            <div
                        className="container"
            >
                        <Navigation />
            </div>
</div>,
          <div
            className="breadcrumbs"
>
            <div
                        className="container"
            >
                        <Link
                                    replace={false}
                                    to="/"
                        >
                                    / Home /
                        </Link>
            </div>
</div>,
        ],
      },
      "ref": null,
      "rendered": Array [
        Object {
          "instance": null,
          "key": undefined,
          "nodeType": "host",
          "props": Object {
            "children": <div
              className="container"
>
              <Link
                            replace={false}
                            to="/"
              >
                            <img
                                          alt="Progressive Tech"
                                          className="logo-img"
                                          src="pt-logo.png"
                            />
              </Link>
</div>,
            "className": "top",
          },
          "ref": null,
          "rendered": Object {
            "instance": null,
            "key": undefined,
            "nodeType": "host",
            "props": Object {
              "children": <Link
                replace={false}
                to="/"
>
                <img
                                alt="Progressive Tech"
                                className="logo-img"
                                src="pt-logo.png"
                />
</Link>,
              "className": "container",
            },
            "ref": null,
            "rendered": Object {
              "instance": null,
              "key": undefined,
              "nodeType": "class",
              "props": Object {
                "children": <img
                  alt="Progressive Tech"
                  className="logo-img"
                  src="pt-logo.png"
/>,
                "replace": false,
                "to": "/",
              },
              "ref": null,
              "rendered": Object {
                "instance": null,
                "key": undefined,
                "nodeType": "host",
                "props": Object {
                  "alt": "Progressive Tech",
                  "className": "logo-img",
                  "src": "pt-logo.png",
                },
                "ref": null,
                "rendered": null,
                "type": "img",
              },
              "type": [Function],
            },
            "type": "div",
          },
          "type": "div",
        },
        Object {
          "instance": null,
          "key": undefined,
          "nodeType": "host",
          "props": Object {
            "children": <div
              className="container"
>
              <Navigation />
</div>,
            "className": "menu",
          },
          "ref": null,
          "rendered": Object {
            "instance": null,
            "key": undefined,
            "nodeType": "host",
            "props": Object {
              "children": <Navigation />,
              "className": "container",
            },
            "ref": null,
            "rendered": Object {
              "instance": null,
              "key": undefined,
              "nodeType": "class",
              "props": Object {},
              "ref": null,
              "rendered": null,
              "type": [Function],
            },
            "type": "div",
          },
          "type": "div",
        },
        Object {
          "instance": null,
          "key": undefined,
          "nodeType": "host",
          "props": Object {
            "children": <div
              className="container"
>
              <Link
                            replace={false}
                            to="/"
              >
                            / Home /
              </Link>
</div>,
            "className": "breadcrumbs",
          },
          "ref": null,
          "rendered": Object {
            "instance": null,
            "key": undefined,
            "nodeType": "host",
            "props": Object {
              "children": <Link
                replace={false}
                to="/"
>
                / Home /
</Link>,
              "className": "container",
            },
            "ref": null,
            "rendered": Object {
              "instance": null,
              "key": undefined,
              "nodeType": "class",
              "props": Object {
                "children": "/ Home /",
                "replace": false,
                "to": "/",
              },
              "ref": null,
              "rendered": "/ Home /",
              "type": [Function],
            },
            "type": "div",
          },
          "type": "div",
        },
      ],
      "type": "header",
    },
  ],
  Symbol(enzyme.__options__): Object {
    "adapter": ReactSixteenAdapter {
      "options": Object {
        "enableComponentDidUpdateOnSetState": true,
      },
    },
  },
}
`;
